--- 
http_interactions: 
- request: 
    method: get
    uri: http://api.flickr.com/services/rest?format=json&nojsoncallback=1&api_key=<API_KEY>&method=flickr.photos.search&user_id=78733179%40N04&extras=description%2Clicense%2Cdate_upload%2Cdate_taken%2Cowner_name%2Cicon_server%2Coriginal_format%2Clast_update%2Cgeo%2Ctags%2Cmachine_tags%2Co_dims%2Cviews%2Cmedia%2Cpath_alias%2Curl_sq%2Curl_q%2Curl_t%2Curl_s%2Curl_n%2Curl_m%2Curl_z%2Curl_c%2Curl_l%2Curl_h%2Curl_k%2Curl_o%2Cmedia
    body: 
      encoding: US-ASCII
      string: ""
    headers: 
      Authorization: 
      - OAuth oauth_consumer_key="<API_KEY>", oauth_nonce="96380053abb739011b14855882e88a2e", oauth_signature="Dho7EMfOhBn6rC0xvIHgswb8GXE%3D", oauth_signature_method="HMAC-SHA1", oauth_timestamp="1356232871", oauth_token="<ACCESS_TOKEN_KEY>", oauth_version="1.0"
  response: 
    status: 
      code: 200
      message: 
    headers: 
      date: 
      - Sun, 23 Dec 2012 03:21:11 GMT
      p3p: 
      - policyref="http://info.yahoo.com/w3c/p3p.xml", CP="CAO DSP COR CUR ADM DEV TAI PSA PSD IVAi IVDi CONi TELo OTPi OUR DELi SAMi OTRi UNRi PUBi IND PHY ONL UNI PUR FIN COM NAV INT DEM CNT STA POL HEA PRE LOC GOV"
      set-cookie: 
      - xb=32; expires=Wed, 24-Dec-2014 03:21:12 GMT; path=/; domain=.flickr.com
      cache-control: 
      - private
      x-served-by: 
      - www25.flickr.mud.yahoo.com
      vary: 
      - Accept-Encoding
      content-length: 
      - "1441"
      connection: 
      - close
      content-type: 
      - application/json
    body: 
      encoding: ASCII-8BIT
      string: "{\"photos\":{\"page\":1, \"pages\":1, \"perpage\":100, \"total\":\"6\", \"photo\":[{\"id\":\"8298032637\", \"owner\":\"78733179@N04\", \"secret\":\"107a0148f6\", \"server\":\"8497\", \"farm\":9, \"title\":\"photo\", \"ispublic\":1, \"isfriend\":0, \"isfamily\":0, \"description\":{\"_content\":\"\"}, \"license\":\"0\", \"dateupload\":\"1356228863\", \"datetaken\":\"2012-12-23 03:14:23\", \"datetakengranularity\":\"0\", \"ownername\":\"@janko-m\", \"iconserver\":\"8033\", \"iconfarm\":9, \"lastupdate\":\"1356228867\", \"latitude\":0, \"longitude\":0, \"accuracy\":0, \"context\":0, \"tags\":\"\", \"machine_tags\":\"\", \"views\":\"0\", \"media\":\"photo\", \"media_status\":\"ready\", \"pathalias\":null, \"url_sq\":\"http:\\/\\/farm9.staticflickr.com\\/8497\\/8298032637_107a0148f6_s.jpg\", \"height_sq\":75, \"width_sq\":75, \"url_q\":\"http:\\/\\/farm9.staticflickr.com\\/8497\\/8298032637_107a0148f6_q.jpg\", \"height_q\":\"150\", \"width_q\":\"150\", \"url_t\":\"http:\\/\\/farm9.staticflickr.com\\/8497\\/8298032637_107a0148f6_t.jpg\", \"height_t\":\"75\", \"width_t\":\"100\", \"url_s\":\"http:\\/\\/farm9.staticflickr.com\\/8497\\/8298032637_107a0148f6_m.jpg\", \"height_s\":\"180\", \"width_s\":\"240\", \"url_n\":\"http:\\/\\/farm9.staticflickr.com\\/8497\\/8298032637_107a0148f6_n.jpg\", \"height_n\":240, \"width_n\":\"320\", \"url_m\":\"http:\\/\\/farm9.staticflickr.com\\/8497\\/8298032637_107a0148f6.jpg\", \"height_m\":\"375\", \"width_m\":\"500\"}, {\"id\":\"8133340670\", \"owner\":\"78733179@N04\", \"secret\":\"38c60aaca7\", \"server\":\"8195\", \"farm\":9, \"title\":\"Screen Shot 2012-10-29 at 2.26.20 AM\", \"ispublic\":1, \"isfriend\":0, \"isfamily\":0, \"description\":{\"_content\":\"\"}, \"license\":\"0\", \"dateupload\":\"1351474062\", \"datetaken\":\"2012-10-29 02:27:34\", \"datetakengranularity\":\"0\", \"ownername\":\"@janko-m\", \"iconserver\":\"8033\", \"iconfarm\":9, \"lastupdate\":\"1352241219\", \"latitude\":0, \"longitude\":0, \"accuracy\":0, \"context\":0, \"tags\":\"\", \"machine_tags\":\"\", \"views\":\"0\", \"media\":\"photo\", \"media_status\":\"ready\", \"pathalias\":null, \"url_sq\":\"http:\\/\\/farm9.staticflickr.com\\/8195\\/8133340670_38c60aaca7_s.jpg\", \"height_sq\":75, \"width_sq\":75, \"url_q\":\"http:\\/\\/farm9.staticflickr.com\\/8195\\/8133340670_38c60aaca7_q.jpg\", \"height_q\":\"150\", \"width_q\":\"150\", \"url_t\":\"http:\\/\\/farm9.staticflickr.com\\/8195\\/8133340670_38c60aaca7_t.jpg\", \"height_t\":\"100\", \"width_t\":\"60\", \"url_s\":\"http:\\/\\/farm9.staticflickr.com\\/8195\\/8133340670_38c60aaca7_m.jpg\", \"height_s\":\"240\", \"width_s\":\"144\", \"url_n\":\"http:\\/\\/farm9.staticflickr.com\\/8195\\/8133340670_38c60aaca7_n.jpg\", \"height_n\":\"320\", \"width_n\":192, \"url_m\":\"http:\\/\\/farm9.staticflickr.com\\/8195\\/8133340670_38c60aaca7.jpg\", \"height_m\":\"500\", \"width_m\":\"300\", \"url_z\":\"http:\\/\\/farm9.staticflickr.com\\/8195\\/8133340670_38c60aaca7_z.jpg\", \"height_z\":\"640\", \"width_z\":\"384\", \"url_c\":\"http:\\/\\/farm9.staticflickr.com\\/8195\\/8133340670_38c60aaca7_c.jpg\", \"height_c\":\"800\", \"width_c\":480, \"url_l\":\"http:\\/\\/farm9.staticflickr.com\\/8195\\/8133340670_38c60aaca7_b.jpg\", \"height_l\":\"933\", \"width_l\":\"560\"}, {\"id\":\"8130464513\", \"owner\":\"78733179@N04\", \"secret\":\"780e01decd\", \"server\":\"8191\", \"farm\":9, \"title\":\"Hana\", \"ispublic\":1, \"isfriend\":0, \"isfamily\":0, \"description\":{\"_content\":\"In waldorf camp.\"}, \"license\":\"0\", \"dateupload\":\"1351420350\", \"datetaken\":\"2012-10-28 11:32:03\", \"datetakengranularity\":\"0\", \"ownername\":\"@janko-m\", \"iconserver\":\"8033\", \"iconfarm\":9, \"lastupdate\":\"1352241219\", \"latitude\":0, \"longitude\":0, \"accuracy\":0, \"context\":0, \"tags\":\"\", \"machine_tags\":\"\", \"views\":\"0\", \"media\":\"photo\", \"media_status\":\"ready\", \"pathalias\":null, \"url_sq\":\"http:\\/\\/farm9.staticflickr.com\\/8191\\/8130464513_780e01decd_s.jpg\", \"height_sq\":75, \"width_sq\":75, \"url_q\":\"http:\\/\\/farm9.staticflickr.com\\/8191\\/8130464513_780e01decd_q.jpg\", \"height_q\":\"150\", \"width_q\":\"150\", \"url_t\":\"http:\\/\\/farm9.staticflickr.com\\/8191\\/8130464513_780e01decd_t.jpg\", \"height_t\":\"75\", \"width_t\":\"100\", \"url_s\":\"http:\\/\\/farm9.staticflickr.com\\/8191\\/8130464513_780e01decd_m.jpg\", \"height_s\":\"180\", \"width_s\":\"240\", \"url_n\":\"http:\\/\\/farm9.staticflickr.com\\/8191\\/8130464513_780e01decd_n.jpg\", \"height_n\":240, \"width_n\":\"320\", \"url_m\":\"http:\\/\\/farm9.staticflickr.com\\/8191\\/8130464513_780e01decd.jpg\", \"height_m\":\"375\", \"width_m\":\"500\", \"url_z\":\"http:\\/\\/farm9.staticflickr.com\\/8191\\/8130464513_780e01decd_z.jpg\", \"height_z\":\"480\", \"width_z\":\"640\", \"url_c\":\"http:\\/\\/farm9.staticflickr.com\\/8191\\/8130464513_780e01decd_c.jpg\", \"height_c\":600, \"width_c\":\"800\", \"url_l\":\"http:\\/\\/farm9.staticflickr.com\\/8191\\/8130464513_780e01decd_b.jpg\", \"height_l\":\"600\", \"width_l\":\"800\"}, {\"id\":\"8126288530\", \"owner\":\"78733179@N04\", \"secret\":\"6e6eaa53c8\", \"server\":\"8470\", \"farm\":9, \"title\":\"photo\", \"ispublic\":1, \"isfriend\":0, \"isfamily\":0, \"description\":{\"_content\":\"Description\"}, \"license\":\"0\", \"dateupload\":\"1351295186\", \"datetaken\":\"2012-10-27 01:46:26\", \"datetakengranularity\":\"0\", \"ownername\":\"@janko-m\", \"iconserver\":\"8033\", \"iconfarm\":9, \"lastupdate\":\"1352241220\", \"latitude\":0, \"longitude\":0, \"accuracy\":0, \"context\":0, \"tags\":\"\", \"machine_tags\":\"\", \"views\":\"1\", \"media\":\"photo\", \"media_status\":\"ready\", \"pathalias\":null, \"url_sq\":\"http:\\/\\/farm9.staticflickr.com\\/8470\\/8126288530_6e6eaa53c8_s.jpg\", \"height_sq\":75, \"width_sq\":75, \"url_q\":\"http:\\/\\/farm9.staticflickr.com\\/8470\\/8126288530_6e6eaa53c8_q.jpg\", \"height_q\":\"150\", \"width_q\":\"150\", \"url_t\":\"http:\\/\\/farm9.staticflickr.com\\/8470\\/8126288530_6e6eaa53c8_t.jpg\", \"height_t\":\"75\", \"width_t\":\"100\", \"url_s\":\"http:\\/\\/farm9.staticflickr.com\\/8470\\/8126288530_6e6eaa53c8_m.jpg\", \"height_s\":\"180\", \"width_s\":\"240\", \"url_n\":\"http:\\/\\/farm9.staticflickr.com\\/8470\\/8126288530_6e6eaa53c8_n.jpg\", \"height_n\":240, \"width_n\":\"320\", \"url_m\":\"http:\\/\\/farm9.staticflickr.com\\/8470\\/8126288530_6e6eaa53c8.jpg\", \"height_m\":\"375\", \"width_m\":\"500\"}, {\"id\":\"7989540600\", \"owner\":\"78733179@N04\", \"secret\":\"0515684d4c\", \"server\":\"8456\", \"farm\":9, \"title\":\"David Belle - Rush Hour (BBC commercial)\", \"ispublic\":1, \"isfriend\":0, \"isfamily\":0, \"description\":{\"_content\":\"\"}, \"license\":\"0\", \"dateupload\":\"1347741844\", \"datetaken\":\"2012-09-15 13:44:04\", \"datetakengranularity\":\"0\", \"ownername\":\"@janko-m\", \"iconserver\":\"8033\", \"iconfarm\":9, \"lastupdate\":\"1352241219\", \"latitude\":0, \"longitude\":0, \"accuracy\":0, \"context\":0, \"tags\":\"\", \"machine_tags\":\"\", \"views\":\"1\", \"media\":\"video\", \"media_status\":\"ready\", \"pathalias\":null, \"url_sq\":\"http:\\/\\/farm9.staticflickr.com\\/8456\\/7989540600_0515684d4c_s.jpg\", \"height_sq\":75, \"width_sq\":75, \"url_q\":\"http:\\/\\/farm9.staticflickr.com\\/8456\\/7989540600_0515684d4c_q.jpg\", \"height_q\":\"150\", \"width_q\":\"150\", \"url_t\":\"http:\\/\\/farm9.staticflickr.com\\/8456\\/7989540600_0515684d4c_t.jpg\", \"height_t\":\"75\", \"width_t\":\"100\", \"url_s\":\"http:\\/\\/farm9.staticflickr.com\\/8456\\/7989540600_0515684d4c_m.jpg\", \"height_s\":\"180\", \"width_s\":\"240\", \"url_n\":\"http:\\/\\/farm9.staticflickr.com\\/8456\\/7989540600_0515684d4c_n.jpg\", \"height_n\":240, \"width_n\":\"320\", \"url_m\":\"http:\\/\\/farm9.staticflickr.com\\/8456\\/7989540600_0515684d4c.jpg\", \"height_m\":\"240\", \"width_m\":\"320\"}, {\"id\":\"7986395865\", \"owner\":\"78733179@N04\", \"secret\":\"5f670c825b\", \"server\":\"8306\", \"farm\":9, \"title\":\"Game of Thrones\", \"ispublic\":1, \"isfriend\":0, \"isfamily\":0, \"description\":{\"_content\":\"A poster for the &quot;Game of Thrones&quot; TV series\"}, \"license\":\"0\", \"dateupload\":\"1347653033\", \"datetaken\":\"2012-09-14 13:02:57\", \"datetakengranularity\":\"0\", \"ownername\":\"@janko-m\", \"iconserver\":\"8033\", \"iconfarm\":9, \"lastupdate\":\"1356232696\", \"latitude\":37.792422, \"longitude\":-122.419109, \"accuracy\":\"14\", \"context\":0, \"place_id\":\"W24McYBUV7MWarg33w\", \"woeid\":\"55970967\", \"geo_is_family\":0, \"geo_is_friend\":0, \"geo_is_contact\":0, \"geo_is_public\":1, \"tags\":\"test\", \"machine_tags\":\"\", \"views\":\"37\", \"media\":\"photo\", \"media_status\":\"ready\", \"pathalias\":null, \"url_sq\":\"http:\\/\\/farm9.staticflickr.com\\/8306\\/7986395865_5f670c825b_s.jpg\", \"height_sq\":75, \"width_sq\":75, \"url_q\":\"http:\\/\\/farm9.staticflickr.com\\/8306\\/7986395865_5f670c825b_q.jpg\", \"height_q\":\"150\", \"width_q\":\"150\", \"url_t\":\"http:\\/\\/farm9.staticflickr.com\\/8306\\/7986395865_5f670c825b_t.jpg\", \"height_t\":\"100\", \"width_t\":\"67\", \"url_s\":\"http:\\/\\/farm9.staticflickr.com\\/8306\\/7986395865_5f670c825b_m.jpg\", \"height_s\":\"240\", \"width_s\":\"162\", \"url_n\":\"http:\\/\\/farm9.staticflickr.com\\/8306\\/7986395865_5f670c825b_n.jpg\", \"height_n\":\"320\", \"width_n\":216, \"url_m\":\"http:\\/\\/farm9.staticflickr.com\\/8306\\/7986395865_5f670c825b.jpg\", \"height_m\":\"500\", \"width_m\":\"337\", \"url_z\":\"http:\\/\\/farm9.staticflickr.com\\/8306\\/7986395865_5f670c825b_z.jpg\", \"height_z\":\"640\", \"width_z\":\"432\", \"url_c\":\"http:\\/\\/farm9.staticflickr.com\\/8306\\/7986395865_5f670c825b_c.jpg\", \"height_c\":\"800\", \"width_c\":540, \"url_l\":\"http:\\/\\/farm9.staticflickr.com\\/8306\\/7986395865_5f670c825b_b.jpg\", \"height_l\":\"1024\", \"width_l\":\"691\", \"url_h\":\"http:\\/\\/farm9.staticflickr.com\\/8306\\/7986395865_e325aa9882_h.jpg\", \"height_h\":\"1600\", \"width_h\":1080, \"url_k\":\"http:\\/\\/farm9.staticflickr.com\\/8306\\/7986395865_081e5978f7_k.jpg\", \"height_k\":\"2048\", \"width_k\":1382}]}, \"stat\":\"ok\"}"
    http_version: 
  recorded_at: Sun, 23 Dec 2012 03:21:12 GMT
- request: 
    method: get
    uri: http://api.flickr.com/services/rest?format=json&nojsoncallback=1&api_key=<API_KEY>&method=flickr.photos.search&user_id=78733179%40N04&extras=description%2Clicense%2Cdate_upload%2Cdate_taken%2Cowner_name%2Cicon_server%2Coriginal_format%2Clast_update%2Cgeo%2Ctags%2Cmachine_tags%2Co_dims%2Cviews%2Cmedia%2Cpath_alias%2Curl_sq%2Curl_q%2Curl_t%2Curl_s%2Curl_n%2Curl_m%2Curl_z%2Curl_c%2Curl_l%2Curl_h%2Curl_k%2Curl_o%2Cmedia
    body: 
      encoding: US-ASCII
      string: ""
    headers: 
      Authorization: 
      - OAuth oauth_consumer_key="<API_KEY>", oauth_nonce="6fbb527067a113bfbaa6a8264b1c456d", oauth_signature="LttESyGxE0qyyOAbF9FCHtNOV6w%3D", oauth_signature_method="HMAC-SHA1", oauth_timestamp="1356232872", oauth_token="<ACCESS_TOKEN_KEY>", oauth_version="1.0"
  response: 
    status: 
      code: 200
      message: 
    headers: 
      date: 
      - Sun, 23 Dec 2012 03:21:12 GMT
      p3p: 
      - policyref="http://info.yahoo.com/w3c/p3p.xml", CP="CAO DSP COR CUR ADM DEV TAI PSA PSD IVAi IVDi CONi TELo OTPi OUR DELi SAMi OTRi UNRi PUBi IND PHY ONL UNI PUR FIN COM NAV INT DEM CNT STA POL HEA PRE LOC GOV"
      set-cookie: 
      - xb=60; expires=Wed, 24-Dec-2014 03:21:12 GMT; path=/; domain=.flickr.com
      cache-control: 
      - private
      x-served-by: 
      - www132.flickr.mud.yahoo.com
      vary: 
      - Accept-Encoding
      content-length: 
      - "1441"
      connection: 
      - close
      content-type: 
      - application/json
    body: 
      encoding: ASCII-8BIT
      string: "{\"photos\":{\"page\":1, \"pages\":1, \"perpage\":100, \"total\":\"6\", \"photo\":[{\"id\":\"8298032637\", \"owner\":\"78733179@N04\", \"secret\":\"107a0148f6\", \"server\":\"8497\", \"farm\":9, \"title\":\"photo\", \"ispublic\":1, \"isfriend\":0, \"isfamily\":0, \"description\":{\"_content\":\"\"}, \"license\":\"0\", \"dateupload\":\"1356228863\", \"datetaken\":\"2012-12-23 03:14:23\", \"datetakengranularity\":\"0\", \"ownername\":\"@janko-m\", \"iconserver\":\"8033\", \"iconfarm\":9, \"lastupdate\":\"1356228867\", \"latitude\":0, \"longitude\":0, \"accuracy\":0, \"context\":0, \"tags\":\"\", \"machine_tags\":\"\", \"views\":\"0\", \"media\":\"photo\", \"media_status\":\"ready\", \"pathalias\":null, \"url_sq\":\"http:\\/\\/farm9.staticflickr.com\\/8497\\/8298032637_107a0148f6_s.jpg\", \"height_sq\":75, \"width_sq\":75, \"url_q\":\"http:\\/\\/farm9.staticflickr.com\\/8497\\/8298032637_107a0148f6_q.jpg\", \"height_q\":\"150\", \"width_q\":\"150\", \"url_t\":\"http:\\/\\/farm9.staticflickr.com\\/8497\\/8298032637_107a0148f6_t.jpg\", \"height_t\":\"75\", \"width_t\":\"100\", \"url_s\":\"http:\\/\\/farm9.staticflickr.com\\/8497\\/8298032637_107a0148f6_m.jpg\", \"height_s\":\"180\", \"width_s\":\"240\", \"url_n\":\"http:\\/\\/farm9.staticflickr.com\\/8497\\/8298032637_107a0148f6_n.jpg\", \"height_n\":240, \"width_n\":\"320\", \"url_m\":\"http:\\/\\/farm9.staticflickr.com\\/8497\\/8298032637_107a0148f6.jpg\", \"height_m\":\"375\", \"width_m\":\"500\"}, {\"id\":\"8133340670\", \"owner\":\"78733179@N04\", \"secret\":\"38c60aaca7\", \"server\":\"8195\", \"farm\":9, \"title\":\"Screen Shot 2012-10-29 at 2.26.20 AM\", \"ispublic\":1, \"isfriend\":0, \"isfamily\":0, \"description\":{\"_content\":\"\"}, \"license\":\"0\", \"dateupload\":\"1351474062\", \"datetaken\":\"2012-10-29 02:27:34\", \"datetakengranularity\":\"0\", \"ownername\":\"@janko-m\", \"iconserver\":\"8033\", \"iconfarm\":9, \"lastupdate\":\"1352241219\", \"latitude\":0, \"longitude\":0, \"accuracy\":0, \"context\":0, \"tags\":\"\", \"machine_tags\":\"\", \"views\":\"0\", \"media\":\"photo\", \"media_status\":\"ready\", \"pathalias\":null, \"url_sq\":\"http:\\/\\/farm9.staticflickr.com\\/8195\\/8133340670_38c60aaca7_s.jpg\", \"height_sq\":75, \"width_sq\":75, \"url_q\":\"http:\\/\\/farm9.staticflickr.com\\/8195\\/8133340670_38c60aaca7_q.jpg\", \"height_q\":\"150\", \"width_q\":\"150\", \"url_t\":\"http:\\/\\/farm9.staticflickr.com\\/8195\\/8133340670_38c60aaca7_t.jpg\", \"height_t\":\"100\", \"width_t\":\"60\", \"url_s\":\"http:\\/\\/farm9.staticflickr.com\\/8195\\/8133340670_38c60aaca7_m.jpg\", \"height_s\":\"240\", \"width_s\":\"144\", \"url_n\":\"http:\\/\\/farm9.staticflickr.com\\/8195\\/8133340670_38c60aaca7_n.jpg\", \"height_n\":\"320\", \"width_n\":192, \"url_m\":\"http:\\/\\/farm9.staticflickr.com\\/8195\\/8133340670_38c60aaca7.jpg\", \"height_m\":\"500\", \"width_m\":\"300\", \"url_z\":\"http:\\/\\/farm9.staticflickr.com\\/8195\\/8133340670_38c60aaca7_z.jpg\", \"height_z\":\"640\", \"width_z\":\"384\", \"url_c\":\"http:\\/\\/farm9.staticflickr.com\\/8195\\/8133340670_38c60aaca7_c.jpg\", \"height_c\":\"800\", \"width_c\":480, \"url_l\":\"http:\\/\\/farm9.staticflickr.com\\/8195\\/8133340670_38c60aaca7_b.jpg\", \"height_l\":\"933\", \"width_l\":\"560\"}, {\"id\":\"8130464513\", \"owner\":\"78733179@N04\", \"secret\":\"780e01decd\", \"server\":\"8191\", \"farm\":9, \"title\":\"Hana\", \"ispublic\":1, \"isfriend\":0, \"isfamily\":0, \"description\":{\"_content\":\"In waldorf camp.\"}, \"license\":\"0\", \"dateupload\":\"1351420350\", \"datetaken\":\"2012-10-28 11:32:03\", \"datetakengranularity\":\"0\", \"ownername\":\"@janko-m\", \"iconserver\":\"8033\", \"iconfarm\":9, \"lastupdate\":\"1352241219\", \"latitude\":0, \"longitude\":0, \"accuracy\":0, \"context\":0, \"tags\":\"\", \"machine_tags\":\"\", \"views\":\"0\", \"media\":\"photo\", \"media_status\":\"ready\", \"pathalias\":null, \"url_sq\":\"http:\\/\\/farm9.staticflickr.com\\/8191\\/8130464513_780e01decd_s.jpg\", \"height_sq\":75, \"width_sq\":75, \"url_q\":\"http:\\/\\/farm9.staticflickr.com\\/8191\\/8130464513_780e01decd_q.jpg\", \"height_q\":\"150\", \"width_q\":\"150\", \"url_t\":\"http:\\/\\/farm9.staticflickr.com\\/8191\\/8130464513_780e01decd_t.jpg\", \"height_t\":\"75\", \"width_t\":\"100\", \"url_s\":\"http:\\/\\/farm9.staticflickr.com\\/8191\\/8130464513_780e01decd_m.jpg\", \"height_s\":\"180\", \"width_s\":\"240\", \"url_n\":\"http:\\/\\/farm9.staticflickr.com\\/8191\\/8130464513_780e01decd_n.jpg\", \"height_n\":240, \"width_n\":\"320\", \"url_m\":\"http:\\/\\/farm9.staticflickr.com\\/8191\\/8130464513_780e01decd.jpg\", \"height_m\":\"375\", \"width_m\":\"500\", \"url_z\":\"http:\\/\\/farm9.staticflickr.com\\/8191\\/8130464513_780e01decd_z.jpg\", \"height_z\":\"480\", \"width_z\":\"640\", \"url_c\":\"http:\\/\\/farm9.staticflickr.com\\/8191\\/8130464513_780e01decd_c.jpg\", \"height_c\":600, \"width_c\":\"800\", \"url_l\":\"http:\\/\\/farm9.staticflickr.com\\/8191\\/8130464513_780e01decd_b.jpg\", \"height_l\":\"600\", \"width_l\":\"800\"}, {\"id\":\"8126288530\", \"owner\":\"78733179@N04\", \"secret\":\"6e6eaa53c8\", \"server\":\"8470\", \"farm\":9, \"title\":\"photo\", \"ispublic\":1, \"isfriend\":0, \"isfamily\":0, \"description\":{\"_content\":\"Description\"}, \"license\":\"0\", \"dateupload\":\"1351295186\", \"datetaken\":\"2012-10-27 01:46:26\", \"datetakengranularity\":\"0\", \"ownername\":\"@janko-m\", \"iconserver\":\"8033\", \"iconfarm\":9, \"lastupdate\":\"1352241220\", \"latitude\":0, \"longitude\":0, \"accuracy\":0, \"context\":0, \"tags\":\"\", \"machine_tags\":\"\", \"views\":\"1\", \"media\":\"photo\", \"media_status\":\"ready\", \"pathalias\":null, \"url_sq\":\"http:\\/\\/farm9.staticflickr.com\\/8470\\/8126288530_6e6eaa53c8_s.jpg\", \"height_sq\":75, \"width_sq\":75, \"url_q\":\"http:\\/\\/farm9.staticflickr.com\\/8470\\/8126288530_6e6eaa53c8_q.jpg\", \"height_q\":\"150\", \"width_q\":\"150\", \"url_t\":\"http:\\/\\/farm9.staticflickr.com\\/8470\\/8126288530_6e6eaa53c8_t.jpg\", \"height_t\":\"75\", \"width_t\":\"100\", \"url_s\":\"http:\\/\\/farm9.staticflickr.com\\/8470\\/8126288530_6e6eaa53c8_m.jpg\", \"height_s\":\"180\", \"width_s\":\"240\", \"url_n\":\"http:\\/\\/farm9.staticflickr.com\\/8470\\/8126288530_6e6eaa53c8_n.jpg\", \"height_n\":240, \"width_n\":\"320\", \"url_m\":\"http:\\/\\/farm9.staticflickr.com\\/8470\\/8126288530_6e6eaa53c8.jpg\", \"height_m\":\"375\", \"width_m\":\"500\"}, {\"id\":\"7989540600\", \"owner\":\"78733179@N04\", \"secret\":\"0515684d4c\", \"server\":\"8456\", \"farm\":9, \"title\":\"David Belle - Rush Hour (BBC commercial)\", \"ispublic\":1, \"isfriend\":0, \"isfamily\":0, \"description\":{\"_content\":\"\"}, \"license\":\"0\", \"dateupload\":\"1347741844\", \"datetaken\":\"2012-09-15 13:44:04\", \"datetakengranularity\":\"0\", \"ownername\":\"@janko-m\", \"iconserver\":\"8033\", \"iconfarm\":9, \"lastupdate\":\"1352241219\", \"latitude\":0, \"longitude\":0, \"accuracy\":0, \"context\":0, \"tags\":\"\", \"machine_tags\":\"\", \"views\":\"1\", \"media\":\"video\", \"media_status\":\"ready\", \"pathalias\":null, \"url_sq\":\"http:\\/\\/farm9.staticflickr.com\\/8456\\/7989540600_0515684d4c_s.jpg\", \"height_sq\":75, \"width_sq\":75, \"url_q\":\"http:\\/\\/farm9.staticflickr.com\\/8456\\/7989540600_0515684d4c_q.jpg\", \"height_q\":\"150\", \"width_q\":\"150\", \"url_t\":\"http:\\/\\/farm9.staticflickr.com\\/8456\\/7989540600_0515684d4c_t.jpg\", \"height_t\":\"75\", \"width_t\":\"100\", \"url_s\":\"http:\\/\\/farm9.staticflickr.com\\/8456\\/7989540600_0515684d4c_m.jpg\", \"height_s\":\"180\", \"width_s\":\"240\", \"url_n\":\"http:\\/\\/farm9.staticflickr.com\\/8456\\/7989540600_0515684d4c_n.jpg\", \"height_n\":240, \"width_n\":\"320\", \"url_m\":\"http:\\/\\/farm9.staticflickr.com\\/8456\\/7989540600_0515684d4c.jpg\", \"height_m\":\"240\", \"width_m\":\"320\"}, {\"id\":\"7986395865\", \"owner\":\"78733179@N04\", \"secret\":\"5f670c825b\", \"server\":\"8306\", \"farm\":9, \"title\":\"Game of Thrones\", \"ispublic\":1, \"isfriend\":0, \"isfamily\":0, \"description\":{\"_content\":\"A poster for the &quot;Game of Thrones&quot; TV series\"}, \"license\":\"0\", \"dateupload\":\"1347653033\", \"datetaken\":\"2012-09-14 13:02:57\", \"datetakengranularity\":\"0\", \"ownername\":\"@janko-m\", \"iconserver\":\"8033\", \"iconfarm\":9, \"lastupdate\":\"1356232696\", \"latitude\":37.792422, \"longitude\":-122.419109, \"accuracy\":\"14\", \"context\":0, \"place_id\":\"W24McYBUV7MWarg33w\", \"woeid\":\"55970967\", \"geo_is_family\":0, \"geo_is_friend\":0, \"geo_is_contact\":0, \"geo_is_public\":1, \"tags\":\"test\", \"machine_tags\":\"\", \"views\":\"37\", \"media\":\"photo\", \"media_status\":\"ready\", \"pathalias\":null, \"url_sq\":\"http:\\/\\/farm9.staticflickr.com\\/8306\\/7986395865_5f670c825b_s.jpg\", \"height_sq\":75, \"width_sq\":75, \"url_q\":\"http:\\/\\/farm9.staticflickr.com\\/8306\\/7986395865_5f670c825b_q.jpg\", \"height_q\":\"150\", \"width_q\":\"150\", \"url_t\":\"http:\\/\\/farm9.staticflickr.com\\/8306\\/7986395865_5f670c825b_t.jpg\", \"height_t\":\"100\", \"width_t\":\"67\", \"url_s\":\"http:\\/\\/farm9.staticflickr.com\\/8306\\/7986395865_5f670c825b_m.jpg\", \"height_s\":\"240\", \"width_s\":\"162\", \"url_n\":\"http:\\/\\/farm9.staticflickr.com\\/8306\\/7986395865_5f670c825b_n.jpg\", \"height_n\":\"320\", \"width_n\":216, \"url_m\":\"http:\\/\\/farm9.staticflickr.com\\/8306\\/7986395865_5f670c825b.jpg\", \"height_m\":\"500\", \"width_m\":\"337\", \"url_z\":\"http:\\/\\/farm9.staticflickr.com\\/8306\\/7986395865_5f670c825b_z.jpg\", \"height_z\":\"640\", \"width_z\":\"432\", \"url_c\":\"http:\\/\\/farm9.staticflickr.com\\/8306\\/7986395865_5f670c825b_c.jpg\", \"height_c\":\"800\", \"width_c\":540, \"url_l\":\"http:\\/\\/farm9.staticflickr.com\\/8306\\/7986395865_5f670c825b_b.jpg\", \"height_l\":\"1024\", \"width_l\":\"691\", \"url_h\":\"http:\\/\\/farm9.staticflickr.com\\/8306\\/7986395865_e325aa9882_h.jpg\", \"height_h\":\"1600\", \"width_h\":1080, \"url_k\":\"http:\\/\\/farm9.staticflickr.com\\/8306\\/7986395865_081e5978f7_k.jpg\", \"height_k\":\"2048\", \"width_k\":1382}]}, \"stat\":\"ok\"}"
    http_version: 
  recorded_at: Sun, 23 Dec 2012 03:21:12 GMT
- request: 
    method: get
    uri: http://api.flickr.com/services/rest?format=json&nojsoncallback=1&api_key=<API_KEY>&method=flickr.photos.search&user_id=78733179%40N04&extras=description%2Clicense%2Cdate_upload%2Cdate_taken%2Cowner_name%2Cicon_server%2Coriginal_format%2Clast_update%2Cgeo%2Ctags%2Cmachine_tags%2Co_dims%2Cviews%2Cmedia%2Cpath_alias%2Curl_sq%2Curl_q%2Curl_t%2Curl_s%2Curl_n%2Curl_m%2Curl_z%2Curl_c%2Curl_l%2Curl_h%2Curl_k%2Curl_o%2Cmedia
    body: 
      encoding: US-ASCII
      string: ""
    headers: 
      Authorization: 
      - OAuth oauth_consumer_key="<API_KEY>", oauth_nonce="73697c0ec707359038a40ca5b53360bf", oauth_signature="xAHu0BNUceMShEpFov4fr%2FQxS3w%3D", oauth_signature_method="HMAC-SHA1", oauth_timestamp="1356232872", oauth_token="<ACCESS_TOKEN_KEY>", oauth_version="1.0"
  response: 
    status: 
      code: 200
      message: 
    headers: 
      date: 
      - Sun, 23 Dec 2012 03:21:13 GMT
      p3p: 
      - policyref="http://info.yahoo.com/w3c/p3p.xml", CP="CAO DSP COR CUR ADM DEV TAI PSA PSD IVAi IVDi CONi TELo OTPi OUR DELi SAMi OTRi UNRi PUBi IND PHY ONL UNI PUR FIN COM NAV INT DEM CNT STA POL HEA PRE LOC GOV"
      set-cookie: 
      - xb=82; expires=Wed, 24-Dec-2014 03:21:13 GMT; path=/; domain=.flickr.com
      cache-control: 
      - private
      x-served-by: 
      - www48.flickr.mud.yahoo.com
      vary: 
      - Accept-Encoding
      content-length: 
      - "1441"
      connection: 
      - close
      content-type: 
      - application/json
    body: 
      encoding: ASCII-8BIT
      string: "{\"photos\":{\"page\":1, \"pages\":1, \"perpage\":100, \"total\":\"6\", \"photo\":[{\"id\":\"8298032637\", \"owner\":\"78733179@N04\", \"secret\":\"107a0148f6\", \"server\":\"8497\", \"farm\":9, \"title\":\"photo\", \"ispublic\":1, \"isfriend\":0, \"isfamily\":0, \"description\":{\"_content\":\"\"}, \"license\":\"0\", \"dateupload\":\"1356228863\", \"datetaken\":\"2012-12-23 03:14:23\", \"datetakengranularity\":\"0\", \"ownername\":\"@janko-m\", \"iconserver\":\"8033\", \"iconfarm\":9, \"lastupdate\":\"1356228867\", \"latitude\":0, \"longitude\":0, \"accuracy\":0, \"context\":0, \"tags\":\"\", \"machine_tags\":\"\", \"views\":\"0\", \"media\":\"photo\", \"media_status\":\"ready\", \"pathalias\":null, \"url_sq\":\"http:\\/\\/farm9.staticflickr.com\\/8497\\/8298032637_107a0148f6_s.jpg\", \"height_sq\":75, \"width_sq\":75, \"url_q\":\"http:\\/\\/farm9.staticflickr.com\\/8497\\/8298032637_107a0148f6_q.jpg\", \"height_q\":\"150\", \"width_q\":\"150\", \"url_t\":\"http:\\/\\/farm9.staticflickr.com\\/8497\\/8298032637_107a0148f6_t.jpg\", \"height_t\":\"75\", \"width_t\":\"100\", \"url_s\":\"http:\\/\\/farm9.staticflickr.com\\/8497\\/8298032637_107a0148f6_m.jpg\", \"height_s\":\"180\", \"width_s\":\"240\", \"url_n\":\"http:\\/\\/farm9.staticflickr.com\\/8497\\/8298032637_107a0148f6_n.jpg\", \"height_n\":240, \"width_n\":\"320\", \"url_m\":\"http:\\/\\/farm9.staticflickr.com\\/8497\\/8298032637_107a0148f6.jpg\", \"height_m\":\"375\", \"width_m\":\"500\"}, {\"id\":\"8133340670\", \"owner\":\"78733179@N04\", \"secret\":\"38c60aaca7\", \"server\":\"8195\", \"farm\":9, \"title\":\"Screen Shot 2012-10-29 at 2.26.20 AM\", \"ispublic\":1, \"isfriend\":0, \"isfamily\":0, \"description\":{\"_content\":\"\"}, \"license\":\"0\", \"dateupload\":\"1351474062\", \"datetaken\":\"2012-10-29 02:27:34\", \"datetakengranularity\":\"0\", \"ownername\":\"@janko-m\", \"iconserver\":\"8033\", \"iconfarm\":9, \"lastupdate\":\"1352241219\", \"latitude\":0, \"longitude\":0, \"accuracy\":0, \"context\":0, \"tags\":\"\", \"machine_tags\":\"\", \"views\":\"0\", \"media\":\"photo\", \"media_status\":\"ready\", \"pathalias\":null, \"url_sq\":\"http:\\/\\/farm9.staticflickr.com\\/8195\\/8133340670_38c60aaca7_s.jpg\", \"height_sq\":75, \"width_sq\":75, \"url_q\":\"http:\\/\\/farm9.staticflickr.com\\/8195\\/8133340670_38c60aaca7_q.jpg\", \"height_q\":\"150\", \"width_q\":\"150\", \"url_t\":\"http:\\/\\/farm9.staticflickr.com\\/8195\\/8133340670_38c60aaca7_t.jpg\", \"height_t\":\"100\", \"width_t\":\"60\", \"url_s\":\"http:\\/\\/farm9.staticflickr.com\\/8195\\/8133340670_38c60aaca7_m.jpg\", \"height_s\":\"240\", \"width_s\":\"144\", \"url_n\":\"http:\\/\\/farm9.staticflickr.com\\/8195\\/8133340670_38c60aaca7_n.jpg\", \"height_n\":\"320\", \"width_n\":192, \"url_m\":\"http:\\/\\/farm9.staticflickr.com\\/8195\\/8133340670_38c60aaca7.jpg\", \"height_m\":\"500\", \"width_m\":\"300\", \"url_z\":\"http:\\/\\/farm9.staticflickr.com\\/8195\\/8133340670_38c60aaca7_z.jpg\", \"height_z\":\"640\", \"width_z\":\"384\", \"url_c\":\"http:\\/\\/farm9.staticflickr.com\\/8195\\/8133340670_38c60aaca7_c.jpg\", \"height_c\":\"800\", \"width_c\":480, \"url_l\":\"http:\\/\\/farm9.staticflickr.com\\/8195\\/8133340670_38c60aaca7_b.jpg\", \"height_l\":\"933\", \"width_l\":\"560\"}, {\"id\":\"8130464513\", \"owner\":\"78733179@N04\", \"secret\":\"780e01decd\", \"server\":\"8191\", \"farm\":9, \"title\":\"Hana\", \"ispublic\":1, \"isfriend\":0, \"isfamily\":0, \"description\":{\"_content\":\"In waldorf camp.\"}, \"license\":\"0\", \"dateupload\":\"1351420350\", \"datetaken\":\"2012-10-28 11:32:03\", \"datetakengranularity\":\"0\", \"ownername\":\"@janko-m\", \"iconserver\":\"8033\", \"iconfarm\":9, \"lastupdate\":\"1352241219\", \"latitude\":0, \"longitude\":0, \"accuracy\":0, \"context\":0, \"tags\":\"\", \"machine_tags\":\"\", \"views\":\"0\", \"media\":\"photo\", \"media_status\":\"ready\", \"pathalias\":null, \"url_sq\":\"http:\\/\\/farm9.staticflickr.com\\/8191\\/8130464513_780e01decd_s.jpg\", \"height_sq\":75, \"width_sq\":75, \"url_q\":\"http:\\/\\/farm9.staticflickr.com\\/8191\\/8130464513_780e01decd_q.jpg\", \"height_q\":\"150\", \"width_q\":\"150\", \"url_t\":\"http:\\/\\/farm9.staticflickr.com\\/8191\\/8130464513_780e01decd_t.jpg\", \"height_t\":\"75\", \"width_t\":\"100\", \"url_s\":\"http:\\/\\/farm9.staticflickr.com\\/8191\\/8130464513_780e01decd_m.jpg\", \"height_s\":\"180\", \"width_s\":\"240\", \"url_n\":\"http:\\/\\/farm9.staticflickr.com\\/8191\\/8130464513_780e01decd_n.jpg\", \"height_n\":240, \"width_n\":\"320\", \"url_m\":\"http:\\/\\/farm9.staticflickr.com\\/8191\\/8130464513_780e01decd.jpg\", \"height_m\":\"375\", \"width_m\":\"500\", \"url_z\":\"http:\\/\\/farm9.staticflickr.com\\/8191\\/8130464513_780e01decd_z.jpg\", \"height_z\":\"480\", \"width_z\":\"640\", \"url_c\":\"http:\\/\\/farm9.staticflickr.com\\/8191\\/8130464513_780e01decd_c.jpg\", \"height_c\":600, \"width_c\":\"800\", \"url_l\":\"http:\\/\\/farm9.staticflickr.com\\/8191\\/8130464513_780e01decd_b.jpg\", \"height_l\":\"600\", \"width_l\":\"800\"}, {\"id\":\"8126288530\", \"owner\":\"78733179@N04\", \"secret\":\"6e6eaa53c8\", \"server\":\"8470\", \"farm\":9, \"title\":\"photo\", \"ispublic\":1, \"isfriend\":0, \"isfamily\":0, \"description\":{\"_content\":\"Description\"}, \"license\":\"0\", \"dateupload\":\"1351295186\", \"datetaken\":\"2012-10-27 01:46:26\", \"datetakengranularity\":\"0\", \"ownername\":\"@janko-m\", \"iconserver\":\"8033\", \"iconfarm\":9, \"lastupdate\":\"1352241220\", \"latitude\":0, \"longitude\":0, \"accuracy\":0, \"context\":0, \"tags\":\"\", \"machine_tags\":\"\", \"views\":\"1\", \"media\":\"photo\", \"media_status\":\"ready\", \"pathalias\":null, \"url_sq\":\"http:\\/\\/farm9.staticflickr.com\\/8470\\/8126288530_6e6eaa53c8_s.jpg\", \"height_sq\":75, \"width_sq\":75, \"url_q\":\"http:\\/\\/farm9.staticflickr.com\\/8470\\/8126288530_6e6eaa53c8_q.jpg\", \"height_q\":\"150\", \"width_q\":\"150\", \"url_t\":\"http:\\/\\/farm9.staticflickr.com\\/8470\\/8126288530_6e6eaa53c8_t.jpg\", \"height_t\":\"75\", \"width_t\":\"100\", \"url_s\":\"http:\\/\\/farm9.staticflickr.com\\/8470\\/8126288530_6e6eaa53c8_m.jpg\", \"height_s\":\"180\", \"width_s\":\"240\", \"url_n\":\"http:\\/\\/farm9.staticflickr.com\\/8470\\/8126288530_6e6eaa53c8_n.jpg\", \"height_n\":240, \"width_n\":\"320\", \"url_m\":\"http:\\/\\/farm9.staticflickr.com\\/8470\\/8126288530_6e6eaa53c8.jpg\", \"height_m\":\"375\", \"width_m\":\"500\"}, {\"id\":\"7989540600\", \"owner\":\"78733179@N04\", \"secret\":\"0515684d4c\", \"server\":\"8456\", \"farm\":9, \"title\":\"David Belle - Rush Hour (BBC commercial)\", \"ispublic\":1, \"isfriend\":0, \"isfamily\":0, \"description\":{\"_content\":\"\"}, \"license\":\"0\", \"dateupload\":\"1347741844\", \"datetaken\":\"2012-09-15 13:44:04\", \"datetakengranularity\":\"0\", \"ownername\":\"@janko-m\", \"iconserver\":\"8033\", \"iconfarm\":9, \"lastupdate\":\"1352241219\", \"latitude\":0, \"longitude\":0, \"accuracy\":0, \"context\":0, \"tags\":\"\", \"machine_tags\":\"\", \"views\":\"1\", \"media\":\"video\", \"media_status\":\"ready\", \"pathalias\":null, \"url_sq\":\"http:\\/\\/farm9.staticflickr.com\\/8456\\/7989540600_0515684d4c_s.jpg\", \"height_sq\":75, \"width_sq\":75, \"url_q\":\"http:\\/\\/farm9.staticflickr.com\\/8456\\/7989540600_0515684d4c_q.jpg\", \"height_q\":\"150\", \"width_q\":\"150\", \"url_t\":\"http:\\/\\/farm9.staticflickr.com\\/8456\\/7989540600_0515684d4c_t.jpg\", \"height_t\":\"75\", \"width_t\":\"100\", \"url_s\":\"http:\\/\\/farm9.staticflickr.com\\/8456\\/7989540600_0515684d4c_m.jpg\", \"height_s\":\"180\", \"width_s\":\"240\", \"url_n\":\"http:\\/\\/farm9.staticflickr.com\\/8456\\/7989540600_0515684d4c_n.jpg\", \"height_n\":240, \"width_n\":\"320\", \"url_m\":\"http:\\/\\/farm9.staticflickr.com\\/8456\\/7989540600_0515684d4c.jpg\", \"height_m\":\"240\", \"width_m\":\"320\"}, {\"id\":\"7986395865\", \"owner\":\"78733179@N04\", \"secret\":\"5f670c825b\", \"server\":\"8306\", \"farm\":9, \"title\":\"Game of Thrones\", \"ispublic\":1, \"isfriend\":0, \"isfamily\":0, \"description\":{\"_content\":\"A poster for the &quot;Game of Thrones&quot; TV series\"}, \"license\":\"0\", \"dateupload\":\"1347653033\", \"datetaken\":\"2012-09-14 13:02:57\", \"datetakengranularity\":\"0\", \"ownername\":\"@janko-m\", \"iconserver\":\"8033\", \"iconfarm\":9, \"lastupdate\":\"1356232696\", \"latitude\":37.792422, \"longitude\":-122.419109, \"accuracy\":\"14\", \"context\":0, \"place_id\":\"W24McYBUV7MWarg33w\", \"woeid\":\"55970967\", \"geo_is_family\":0, \"geo_is_friend\":0, \"geo_is_contact\":0, \"geo_is_public\":1, \"tags\":\"test\", \"machine_tags\":\"\", \"views\":\"37\", \"media\":\"photo\", \"media_status\":\"ready\", \"pathalias\":null, \"url_sq\":\"http:\\/\\/farm9.staticflickr.com\\/8306\\/7986395865_5f670c825b_s.jpg\", \"height_sq\":75, \"width_sq\":75, \"url_q\":\"http:\\/\\/farm9.staticflickr.com\\/8306\\/7986395865_5f670c825b_q.jpg\", \"height_q\":\"150\", \"width_q\":\"150\", \"url_t\":\"http:\\/\\/farm9.staticflickr.com\\/8306\\/7986395865_5f670c825b_t.jpg\", \"height_t\":\"100\", \"width_t\":\"67\", \"url_s\":\"http:\\/\\/farm9.staticflickr.com\\/8306\\/7986395865_5f670c825b_m.jpg\", \"height_s\":\"240\", \"width_s\":\"162\", \"url_n\":\"http:\\/\\/farm9.staticflickr.com\\/8306\\/7986395865_5f670c825b_n.jpg\", \"height_n\":\"320\", \"width_n\":216, \"url_m\":\"http:\\/\\/farm9.staticflickr.com\\/8306\\/7986395865_5f670c825b.jpg\", \"height_m\":\"500\", \"width_m\":\"337\", \"url_z\":\"http:\\/\\/farm9.staticflickr.com\\/8306\\/7986395865_5f670c825b_z.jpg\", \"height_z\":\"640\", \"width_z\":\"432\", \"url_c\":\"http:\\/\\/farm9.staticflickr.com\\/8306\\/7986395865_5f670c825b_c.jpg\", \"height_c\":\"800\", \"width_c\":540, \"url_l\":\"http:\\/\\/farm9.staticflickr.com\\/8306\\/7986395865_5f670c825b_b.jpg\", \"height_l\":\"1024\", \"width_l\":\"691\", \"url_h\":\"http:\\/\\/farm9.staticflickr.com\\/8306\\/7986395865_e325aa9882_h.jpg\", \"height_h\":\"1600\", \"width_h\":1080, \"url_k\":\"http:\\/\\/farm9.staticflickr.com\\/8306\\/7986395865_081e5978f7_k.jpg\", \"height_k\":\"2048\", \"width_k\":1382}]}, \"stat\":\"ok\"}"
    http_version: 
  recorded_at: Sun, 23 Dec 2012 03:21:13 GMT
- request: 
    method: get
    uri: http://api.flickr.com/services/rest?format=json&nojsoncallback=1&api_key=<API_KEY>&method=flickr.photos.search&user_id=78733179%40N04&extras=description%2Clicense%2Cdate_upload%2Cdate_taken%2Cowner_name%2Cicon_server%2Coriginal_format%2Clast_update%2Cgeo%2Ctags%2Cmachine_tags%2Co_dims%2Cviews%2Cmedia%2Cpath_alias%2Curl_sq%2Curl_q%2Curl_t%2Curl_s%2Curl_n%2Curl_m%2Curl_z%2Curl_c%2Curl_l%2Curl_h%2Curl_k%2Curl_o%2Cmedia&media=photos
    body: 
      encoding: US-ASCII
      string: ""
    headers: 
      Authorization: 
      - OAuth oauth_consumer_key="<API_KEY>", oauth_nonce="5f5c332a4bd35e89c7eda2bdb3f48b67", oauth_signature="kyXUt2DIRC5ue2qZ2wgs83FuKY4%3D", oauth_signature_method="HMAC-SHA1", oauth_timestamp="1356232873", oauth_token="<ACCESS_TOKEN_KEY>", oauth_version="1.0"
  response: 
    status: 
      code: 200
      message: 
    headers: 
      date: 
      - Sun, 23 Dec 2012 03:21:13 GMT
      p3p: 
      - policyref="http://info.yahoo.com/w3c/p3p.xml", CP="CAO DSP COR CUR ADM DEV TAI PSA PSD IVAi IVDi CONi TELo OTPi OUR DELi SAMi OTRi UNRi PUBi IND PHY ONL UNI PUR FIN COM NAV INT DEM CNT STA POL HEA PRE LOC GOV"
      set-cookie: 
      - xb=56; expires=Wed, 24-Dec-2014 03:21:13 GMT; path=/; domain=.flickr.com
      cache-control: 
      - private
      x-served-by: 
      - www204.flickr.mud.yahoo.com
      vary: 
      - Accept-Encoding
      content-length: 
      - "1313"
      connection: 
      - close
      content-type: 
      - application/json
    body: 
      encoding: ASCII-8BIT
      string: "{\"photos\":{\"page\":1, \"pages\":1, \"perpage\":100, \"total\":\"5\", \"photo\":[{\"id\":\"8298032637\", \"owner\":\"78733179@N04\", \"secret\":\"107a0148f6\", \"server\":\"8497\", \"farm\":9, \"title\":\"photo\", \"ispublic\":1, \"isfriend\":0, \"isfamily\":0, \"description\":{\"_content\":\"\"}, \"license\":\"0\", \"dateupload\":\"1356228863\", \"datetaken\":\"2012-12-23 03:14:23\", \"datetakengranularity\":\"0\", \"ownername\":\"@janko-m\", \"iconserver\":\"8033\", \"iconfarm\":9, \"lastupdate\":\"1356228867\", \"latitude\":0, \"longitude\":0, \"accuracy\":0, \"context\":0, \"tags\":\"\", \"machine_tags\":\"\", \"views\":\"0\", \"media\":\"photo\", \"media_status\":\"ready\", \"pathalias\":null, \"url_sq\":\"http:\\/\\/farm9.staticflickr.com\\/8497\\/8298032637_107a0148f6_s.jpg\", \"height_sq\":75, \"width_sq\":75, \"url_q\":\"http:\\/\\/farm9.staticflickr.com\\/8497\\/8298032637_107a0148f6_q.jpg\", \"height_q\":\"150\", \"width_q\":\"150\", \"url_t\":\"http:\\/\\/farm9.staticflickr.com\\/8497\\/8298032637_107a0148f6_t.jpg\", \"height_t\":\"75\", \"width_t\":\"100\", \"url_s\":\"http:\\/\\/farm9.staticflickr.com\\/8497\\/8298032637_107a0148f6_m.jpg\", \"height_s\":\"180\", \"width_s\":\"240\", \"url_n\":\"http:\\/\\/farm9.staticflickr.com\\/8497\\/8298032637_107a0148f6_n.jpg\", \"height_n\":240, \"width_n\":\"320\", \"url_m\":\"http:\\/\\/farm9.staticflickr.com\\/8497\\/8298032637_107a0148f6.jpg\", \"height_m\":\"375\", \"width_m\":\"500\"}, {\"id\":\"8133340670\", \"owner\":\"78733179@N04\", \"secret\":\"38c60aaca7\", \"server\":\"8195\", \"farm\":9, \"title\":\"Screen Shot 2012-10-29 at 2.26.20 AM\", \"ispublic\":1, \"isfriend\":0, \"isfamily\":0, \"description\":{\"_content\":\"\"}, \"license\":\"0\", \"dateupload\":\"1351474062\", \"datetaken\":\"2012-10-29 02:27:34\", \"datetakengranularity\":\"0\", \"ownername\":\"@janko-m\", \"iconserver\":\"8033\", \"iconfarm\":9, \"lastupdate\":\"1352241219\", \"latitude\":0, \"longitude\":0, \"accuracy\":0, \"context\":0, \"tags\":\"\", \"machine_tags\":\"\", \"views\":\"0\", \"media\":\"photo\", \"media_status\":\"ready\", \"pathalias\":null, \"url_sq\":\"http:\\/\\/farm9.staticflickr.com\\/8195\\/8133340670_38c60aaca7_s.jpg\", \"height_sq\":75, \"width_sq\":75, \"url_q\":\"http:\\/\\/farm9.staticflickr.com\\/8195\\/8133340670_38c60aaca7_q.jpg\", \"height_q\":\"150\", \"width_q\":\"150\", \"url_t\":\"http:\\/\\/farm9.staticflickr.com\\/8195\\/8133340670_38c60aaca7_t.jpg\", \"height_t\":\"100\", \"width_t\":\"60\", \"url_s\":\"http:\\/\\/farm9.staticflickr.com\\/8195\\/8133340670_38c60aaca7_m.jpg\", \"height_s\":\"240\", \"width_s\":\"144\", \"url_n\":\"http:\\/\\/farm9.staticflickr.com\\/8195\\/8133340670_38c60aaca7_n.jpg\", \"height_n\":\"320\", \"width_n\":192, \"url_m\":\"http:\\/\\/farm9.staticflickr.com\\/8195\\/8133340670_38c60aaca7.jpg\", \"height_m\":\"500\", \"width_m\":\"300\", \"url_z\":\"http:\\/\\/farm9.staticflickr.com\\/8195\\/8133340670_38c60aaca7_z.jpg\", \"height_z\":\"640\", \"width_z\":\"384\", \"url_c\":\"http:\\/\\/farm9.staticflickr.com\\/8195\\/8133340670_38c60aaca7_c.jpg\", \"height_c\":\"800\", \"width_c\":480, \"url_l\":\"http:\\/\\/farm9.staticflickr.com\\/8195\\/8133340670_38c60aaca7_b.jpg\", \"height_l\":\"933\", \"width_l\":\"560\"}, {\"id\":\"8130464513\", \"owner\":\"78733179@N04\", \"secret\":\"780e01decd\", \"server\":\"8191\", \"farm\":9, \"title\":\"Hana\", \"ispublic\":1, \"isfriend\":0, \"isfamily\":0, \"description\":{\"_content\":\"In waldorf camp.\"}, \"license\":\"0\", \"dateupload\":\"1351420350\", \"datetaken\":\"2012-10-28 11:32:03\", \"datetakengranularity\":\"0\", \"ownername\":\"@janko-m\", \"iconserver\":\"8033\", \"iconfarm\":9, \"lastupdate\":\"1352241219\", \"latitude\":0, \"longitude\":0, \"accuracy\":0, \"context\":0, \"tags\":\"\", \"machine_tags\":\"\", \"views\":\"0\", \"media\":\"photo\", \"media_status\":\"ready\", \"pathalias\":null, \"url_sq\":\"http:\\/\\/farm9.staticflickr.com\\/8191\\/8130464513_780e01decd_s.jpg\", \"height_sq\":75, \"width_sq\":75, \"url_q\":\"http:\\/\\/farm9.staticflickr.com\\/8191\\/8130464513_780e01decd_q.jpg\", \"height_q\":\"150\", \"width_q\":\"150\", \"url_t\":\"http:\\/\\/farm9.staticflickr.com\\/8191\\/8130464513_780e01decd_t.jpg\", \"height_t\":\"75\", \"width_t\":\"100\", \"url_s\":\"http:\\/\\/farm9.staticflickr.com\\/8191\\/8130464513_780e01decd_m.jpg\", \"height_s\":\"180\", \"width_s\":\"240\", \"url_n\":\"http:\\/\\/farm9.staticflickr.com\\/8191\\/8130464513_780e01decd_n.jpg\", \"height_n\":240, \"width_n\":\"320\", \"url_m\":\"http:\\/\\/farm9.staticflickr.com\\/8191\\/8130464513_780e01decd.jpg\", \"height_m\":\"375\", \"width_m\":\"500\", \"url_z\":\"http:\\/\\/farm9.staticflickr.com\\/8191\\/8130464513_780e01decd_z.jpg\", \"height_z\":\"480\", \"width_z\":\"640\", \"url_c\":\"http:\\/\\/farm9.staticflickr.com\\/8191\\/8130464513_780e01decd_c.jpg\", \"height_c\":600, \"width_c\":\"800\", \"url_l\":\"http:\\/\\/farm9.staticflickr.com\\/8191\\/8130464513_780e01decd_b.jpg\", \"height_l\":\"600\", \"width_l\":\"800\"}, {\"id\":\"8126288530\", \"owner\":\"78733179@N04\", \"secret\":\"6e6eaa53c8\", \"server\":\"8470\", \"farm\":9, \"title\":\"photo\", \"ispublic\":1, \"isfriend\":0, \"isfamily\":0, \"description\":{\"_content\":\"Description\"}, \"license\":\"0\", \"dateupload\":\"1351295186\", \"datetaken\":\"2012-10-27 01:46:26\", \"datetakengranularity\":\"0\", \"ownername\":\"@janko-m\", \"iconserver\":\"8033\", \"iconfarm\":9, \"lastupdate\":\"1352241220\", \"latitude\":0, \"longitude\":0, \"accuracy\":0, \"context\":0, \"tags\":\"\", \"machine_tags\":\"\", \"views\":\"1\", \"media\":\"photo\", \"media_status\":\"ready\", \"pathalias\":null, \"url_sq\":\"http:\\/\\/farm9.staticflickr.com\\/8470\\/8126288530_6e6eaa53c8_s.jpg\", \"height_sq\":75, \"width_sq\":75, \"url_q\":\"http:\\/\\/farm9.staticflickr.com\\/8470\\/8126288530_6e6eaa53c8_q.jpg\", \"height_q\":\"150\", \"width_q\":\"150\", \"url_t\":\"http:\\/\\/farm9.staticflickr.com\\/8470\\/8126288530_6e6eaa53c8_t.jpg\", \"height_t\":\"75\", \"width_t\":\"100\", \"url_s\":\"http:\\/\\/farm9.staticflickr.com\\/8470\\/8126288530_6e6eaa53c8_m.jpg\", \"height_s\":\"180\", \"width_s\":\"240\", \"url_n\":\"http:\\/\\/farm9.staticflickr.com\\/8470\\/8126288530_6e6eaa53c8_n.jpg\", \"height_n\":240, \"width_n\":\"320\", \"url_m\":\"http:\\/\\/farm9.staticflickr.com\\/8470\\/8126288530_6e6eaa53c8.jpg\", \"height_m\":\"375\", \"width_m\":\"500\"}, {\"id\":\"7986395865\", \"owner\":\"78733179@N04\", \"secret\":\"5f670c825b\", \"server\":\"8306\", \"farm\":9, \"title\":\"Game of Thrones\", \"ispublic\":1, \"isfriend\":0, \"isfamily\":0, \"description\":{\"_content\":\"A poster for the &quot;Game of Thrones&quot; TV series\"}, \"license\":\"0\", \"dateupload\":\"1347653033\", \"datetaken\":\"2012-09-14 13:02:57\", \"datetakengranularity\":\"0\", \"ownername\":\"@janko-m\", \"iconserver\":\"8033\", \"iconfarm\":9, \"lastupdate\":\"1356232696\", \"latitude\":37.792422, \"longitude\":-122.419109, \"accuracy\":\"14\", \"context\":0, \"place_id\":\"W24McYBUV7MWarg33w\", \"woeid\":\"55970967\", \"geo_is_family\":0, \"geo_is_friend\":0, \"geo_is_contact\":0, \"geo_is_public\":1, \"tags\":\"test\", \"machine_tags\":\"\", \"views\":\"37\", \"media\":\"photo\", \"media_status\":\"ready\", \"pathalias\":null, \"url_sq\":\"http:\\/\\/farm9.staticflickr.com\\/8306\\/7986395865_5f670c825b_s.jpg\", \"height_sq\":75, \"width_sq\":75, \"url_q\":\"http:\\/\\/farm9.staticflickr.com\\/8306\\/7986395865_5f670c825b_q.jpg\", \"height_q\":\"150\", \"width_q\":\"150\", \"url_t\":\"http:\\/\\/farm9.staticflickr.com\\/8306\\/7986395865_5f670c825b_t.jpg\", \"height_t\":\"100\", \"width_t\":\"67\", \"url_s\":\"http:\\/\\/farm9.staticflickr.com\\/8306\\/7986395865_5f670c825b_m.jpg\", \"height_s\":\"240\", \"width_s\":\"162\", \"url_n\":\"http:\\/\\/farm9.staticflickr.com\\/8306\\/7986395865_5f670c825b_n.jpg\", \"height_n\":\"320\", \"width_n\":216, \"url_m\":\"http:\\/\\/farm9.staticflickr.com\\/8306\\/7986395865_5f670c825b.jpg\", \"height_m\":\"500\", \"width_m\":\"337\", \"url_z\":\"http:\\/\\/farm9.staticflickr.com\\/8306\\/7986395865_5f670c825b_z.jpg\", \"height_z\":\"640\", \"width_z\":\"432\", \"url_c\":\"http:\\/\\/farm9.staticflickr.com\\/8306\\/7986395865_5f670c825b_c.jpg\", \"height_c\":\"800\", \"width_c\":540, \"url_l\":\"http:\\/\\/farm9.staticflickr.com\\/8306\\/7986395865_5f670c825b_b.jpg\", \"height_l\":\"1024\", \"width_l\":\"691\", \"url_h\":\"http:\\/\\/farm9.staticflickr.com\\/8306\\/7986395865_e325aa9882_h.jpg\", \"height_h\":\"1600\", \"width_h\":1080, \"url_k\":\"http:\\/\\/farm9.staticflickr.com\\/8306\\/7986395865_081e5978f7_k.jpg\", \"height_k\":\"2048\", \"width_k\":1382}]}, \"stat\":\"ok\"}"
    http_version: 
  recorded_at: Sun, 23 Dec 2012 03:21:13 GMT
- request: 
    method: get
    uri: http://api.flickr.com/services/rest?format=json&nojsoncallback=1&api_key=<API_KEY>&method=flickr.photos.search&user_id=78733179%40N04&extras=description%2Clicense%2Cdate_upload%2Cdate_taken%2Cowner_name%2Cicon_server%2Coriginal_format%2Clast_update%2Cgeo%2Ctags%2Cmachine_tags%2Co_dims%2Cviews%2Cmedia%2Cpath_alias%2Curl_sq%2Curl_q%2Curl_t%2Curl_s%2Curl_n%2Curl_m%2Curl_z%2Curl_c%2Curl_l%2Curl_h%2Curl_k%2Curl_o%2Cmedia&media=videos
    body: 
      encoding: US-ASCII
      string: ""
    headers: 
      Authorization: 
      - OAuth oauth_consumer_key="<API_KEY>", oauth_nonce="6cc33b1a81fc251ed7940132e0095f46", oauth_signature="6f8Nr24bOYDPIsp7j2OfKr9A9WE%3D", oauth_signature_method="HMAC-SHA1", oauth_timestamp="1356232873", oauth_token="<ACCESS_TOKEN_KEY>", oauth_version="1.0"
  response: 
    status: 
      code: 200
      message: 
    headers: 
      date: 
      - Sun, 23 Dec 2012 03:21:14 GMT
      p3p: 
      - policyref="http://info.yahoo.com/w3c/p3p.xml", CP="CAO DSP COR CUR ADM DEV TAI PSA PSD IVAi IVDi CONi TELo OTPi OUR DELi SAMi OTRi UNRi PUBi IND PHY ONL UNI PUR FIN COM NAV INT DEM CNT STA POL HEA PRE LOC GOV"
      set-cookie: 
      - xb=12; expires=Wed, 24-Dec-2014 03:21:14 GMT; path=/; domain=.flickr.com
      cache-control: 
      - private
      x-served-by: 
      - www84.flickr.mud.yahoo.com
      vary: 
      - Accept-Encoding
      content-length: 
      - "544"
      connection: 
      - close
      content-type: 
      - application/json
    body: 
      encoding: ASCII-8BIT
      string: "{\"photos\":{\"page\":1, \"pages\":1, \"perpage\":100, \"total\":\"1\", \"photo\":[{\"id\":\"7989540600\", \"owner\":\"78733179@N04\", \"secret\":\"0515684d4c\", \"server\":\"8456\", \"farm\":9, \"title\":\"David Belle - Rush Hour (BBC commercial)\", \"ispublic\":1, \"isfriend\":0, \"isfamily\":0, \"description\":{\"_content\":\"\"}, \"license\":\"0\", \"dateupload\":\"1347741844\", \"datetaken\":\"2012-09-15 13:44:04\", \"datetakengranularity\":\"0\", \"ownername\":\"@janko-m\", \"iconserver\":\"8033\", \"iconfarm\":9, \"lastupdate\":\"1352241219\", \"latitude\":0, \"longitude\":0, \"accuracy\":0, \"context\":0, \"tags\":\"\", \"machine_tags\":\"\", \"views\":\"1\", \"media\":\"video\", \"media_status\":\"ready\", \"pathalias\":null, \"url_sq\":\"http:\\/\\/farm9.staticflickr.com\\/8456\\/7989540600_0515684d4c_s.jpg\", \"height_sq\":75, \"width_sq\":75, \"url_q\":\"http:\\/\\/farm9.staticflickr.com\\/8456\\/7989540600_0515684d4c_q.jpg\", \"height_q\":\"150\", \"width_q\":\"150\", \"url_t\":\"http:\\/\\/farm9.staticflickr.com\\/8456\\/7989540600_0515684d4c_t.jpg\", \"height_t\":\"75\", \"width_t\":\"100\", \"url_s\":\"http:\\/\\/farm9.staticflickr.com\\/8456\\/7989540600_0515684d4c_m.jpg\", \"height_s\":\"180\", \"width_s\":\"240\", \"url_n\":\"http:\\/\\/farm9.staticflickr.com\\/8456\\/7989540600_0515684d4c_n.jpg\", \"height_n\":240, \"width_n\":\"320\", \"url_m\":\"http:\\/\\/farm9.staticflickr.com\\/8456\\/7989540600_0515684d4c.jpg\", \"height_m\":\"240\", \"width_m\":\"320\"}]}, \"stat\":\"ok\"}"
    http_version: 
  recorded_at: Sun, 23 Dec 2012 03:21:14 GMT
recorded_with: VCR 2.3.0
